CRITICAL - 2025-04-08 06:32:26 --> Undefined array key "restart_serial"
in APPPATH\Helpers\apanel_helper.php on line 5341.
 1 APPPATH\Helpers\apanel_helper.php(5341): CodeIgniter\Debug\Exceptions->errorHandler(2, 'Undefined array key "restart_serial"', 'APPPATH\\Helpers\\apanel_helper.php', 5341)
 2 APPPATH\Views\settings\preferences.php(190): get_setting('6', 'restart_serial')
 3 SYSTEMPATH\View\View.php(213): include('APPPATH\\Views\\settings\\preferences.php')
 4 SYSTEMPATH\View\View.php(216): CodeIgniter\View\View->CodeIgniter\View\{closure}()
 5 SYSTEMPATH\Common.php(1184): CodeIgniter\View\View->render('settings/preferences', [], true)
 6 APPPATH\Controllers\Settings.php(833): view('settings/preferences', [...])
 7 SYSTEMPATH\CodeIgniter.php(934): App\Controllers\Settings->preferences()
 8 SYSTEMPATH\CodeIgniter.php(499): CodeIgniter\CodeIgniter->runController(Object(App\Controllers\Settings))
 9 SYSTEMPATH\CodeIgniter.php(368): CodeIgniter\CodeIgniter->handleRequest(null, Object(Config\Cache), false)
10 FCPATH\index.php(67): CodeIgniter\CodeIgniter->run()
CRITICAL - 2025-04-08 06:33:18 --> Undefined array key "restart_serial"
in APPPATH\Helpers\apanel_helper.php on line 5341.
 1 APPPATH\Helpers\apanel_helper.php(5341): CodeIgniter\Debug\Exceptions->errorHandler(2, 'Undefined array key "restart_serial"', 'APPPATH\\Helpers\\apanel_helper.php', 5341)
 2 APPPATH\Views\settings\preferences.php(190): get_setting('6', 'restart_serial')
 3 SYSTEMPATH\View\View.php(213): include('APPPATH\\Views\\settings\\preferences.php')
 4 SYSTEMPATH\View\View.php(216): CodeIgniter\View\View->CodeIgniter\View\{closure}()
 5 SYSTEMPATH\Common.php(1184): CodeIgniter\View\View->render('settings/preferences', [], true)
 6 APPPATH\Controllers\Settings.php(833): view('settings/preferences', [...])
 7 SYSTEMPATH\CodeIgniter.php(934): App\Controllers\Settings->preferences()
 8 SYSTEMPATH\CodeIgniter.php(499): CodeIgniter\CodeIgniter->runController(Object(App\Controllers\Settings))
 9 SYSTEMPATH\CodeIgniter.php(368): CodeIgniter\CodeIgniter->handleRequest(null, Object(Config\Cache), false)
10 FCPATH\index.php(67): CodeIgniter\CodeIgniter->run()
CRITICAL - 2025-04-08 06:51:36 --> Undefined variable $PaymentsModel
in APPPATH\Helpers\apanel_helper.php on line 4813.
 1 APPPATH\Helpers\apanel_helper.php(4813): CodeIgniter\Debug\Exceptions->errorHandler(2, 'Undefined variable $PaymentsModel', 'APPPATH\\Helpers\\apanel_helper.php', 4813)
 2 APPPATH\Views\invoices\invoices_all.php(18): serial_no('6', 'sales')
 3 SYSTEMPATH\View\View.php(213): include('APPPATH\\Views\\invoices\\invoices_all.php')
 4 SYSTEMPATH\View\View.php(216): CodeIgniter\View\View->CodeIgniter\View\{closure}()
 5 SYSTEMPATH\Common.php(1184): CodeIgniter\View\View->render('invoices/invoices_all', [], true)
 6 APPPATH\Controllers\Invoices.php(159): view('invoices/invoices_all', [...])
 7 SYSTEMPATH\CodeIgniter.php(934): App\Controllers\Invoices->sales()
 8 SYSTEMPATH\CodeIgniter.php(499): CodeIgniter\CodeIgniter->runController(Object(App\Controllers\Invoices))
 9 SYSTEMPATH\CodeIgniter.php(368): CodeIgniter\CodeIgniter->handleRequest(null, Object(Config\Cache), false)
10 FCPATH\index.php(67): CodeIgniter\CodeIgniter->run()
CRITICAL - 2025-04-08 06:57:02 --> Undefined variable $currentMonth
in APPPATH\Helpers\apanel_helper.php on line 4822.
 1 APPPATH\Helpers\apanel_helper.php(4822): CodeIgniter\Debug\Exceptions->errorHandler(2, 'Undefined variable $currentMonth', 'APPPATH\\Helpers\\apanel_helper.php', 4822)
 2 APPPATH\Views\invoices\invoices_all.php(18): serial_no('6', 'sales')
 3 SYSTEMPATH\View\View.php(213): include('APPPATH\\Views\\invoices\\invoices_all.php')
 4 SYSTEMPATH\View\View.php(216): CodeIgniter\View\View->CodeIgniter\View\{closure}()
 5 SYSTEMPATH\Common.php(1184): CodeIgniter\View\View->render('invoices/invoices_all', [], true)
 6 APPPATH\Controllers\Invoices.php(159): view('invoices/invoices_all', [...])
 7 SYSTEMPATH\CodeIgniter.php(934): App\Controllers\Invoices->sales()
 8 SYSTEMPATH\CodeIgniter.php(499): CodeIgniter\CodeIgniter->runController(Object(App\Controllers\Invoices))
 9 SYSTEMPATH\CodeIgniter.php(368): CodeIgniter\CodeIgniter->handleRequest(null, Object(Config\Cache), false)
10 FCPATH\index.php(67): CodeIgniter\CodeIgniter->run()
CRITICAL - 2025-04-08 07:08:45 --> Undefined variable $InvoiceModel
in APPPATH\Helpers\apanel_helper.php on line 4750.
 1 APPPATH\Helpers\apanel_helper.php(4750): CodeIgniter\Debug\Exceptions->errorHandler(2, 'Undefined variable $InvoiceModel', 'APPPATH\\Helpers\\apanel_helper.php', 4750)
 2 APPPATH\Views\invoices\invoices_all.php(18): serial_no_cash('6')
 3 SYSTEMPATH\View\View.php(213): include('APPPATH\\Views\\invoices\\invoices_all.php')
 4 SYSTEMPATH\View\View.php(216): CodeIgniter\View\View->CodeIgniter\View\{closure}()
 5 SYSTEMPATH\Common.php(1184): CodeIgniter\View\View->render('invoices/invoices_all', [], true)
 6 APPPATH\Controllers\Invoices.php(159): view('invoices/invoices_all', [...])
 7 SYSTEMPATH\CodeIgniter.php(934): App\Controllers\Invoices->sales()
 8 SYSTEMPATH\CodeIgniter.php(499): CodeIgniter\CodeIgniter->runController(Object(App\Controllers\Invoices))
 9 SYSTEMPATH\CodeIgniter.php(368): CodeIgniter\CodeIgniter->handleRequest(null, Object(Config\Cache), false)
10 FCPATH\index.php(67): CodeIgniter\CodeIgniter->run()
