CRITICAL - 2025-03-20 08:28:34 --> Call to undefined function is_tax_available()
in APPPATH\Views\reports\gst_report.php on line 125.
 1 SYSTEMPATH\View\View.php(213): include()
 2 SYSTEMPATH\View\View.php(216): CodeIgniter\View\View->CodeIgniter\View\{closure}()
 3 SYSTEMPATH\Common.php(1184): CodeIgniter\View\View->render('reports/gst_report', [], true)
 4 APPPATH\Controllers\Gst_report.php(91): view('reports/gst_report', [...])
 5 SYSTEMPATH\CodeIgniter.php(934): App\Controllers\Gst_report->index()
 6 SYSTEMPATH\CodeIgniter.php(499): CodeIgniter\CodeIgniter->runController(Object(App\Controllers\Gst_report))
 7 SYSTEMPATH\CodeIgniter.php(368): CodeIgniter\CodeIgniter->handleRequest(null, Object(Config\Cache), false)
 8 FCPATH\index.php(67): CodeIgniter\CodeIgniter->run()
CRITICAL - 2025-03-20 08:30:24 --> Undefined variable $check_tax_exist
in APPPATH\Helpers\tax_helper.php on line 37.
 1 APPPATH\Helpers\tax_helper.php(37): CodeIgniter\Debug\Exceptions->errorHandler(2, 'Undefined variable $check_tax_exist', 'APPPATH\\Helpers\\tax_helper.php', 37)
 2 APPPATH\Controllers\Sales.php(474): insert_invoice_tax(20649, 'GST @ 18%', '1.8', 10.0, '2025-03-20', 'Kerala', 'D:\\xampp\\htdocs\\aitsun-erp')
 3 SYSTEMPATH\CodeIgniter.php(934): App\Controllers\Sales->index()
 4 SYSTEMPATH\CodeIgniter.php(499): CodeIgniter\CodeIgniter->runController(Object(App\Controllers\Sales))
 5 SYSTEMPATH\CodeIgniter.php(368): CodeIgniter\CodeIgniter->handleRequest(null, Object(Config\Cache), false)
 6 FCPATH\index.php(67): CodeIgniter\CodeIgniter->run()
CRITICAL - 2025-03-20 08:35:01 --> Undefined variable $check_tax_exist
in APPPATH\Helpers\tax_helper.php on line 37.
 1 APPPATH\Helpers\tax_helper.php(37): CodeIgniter\Debug\Exceptions->errorHandler(2, 'Undefined variable $check_tax_exist', 'APPPATH\\Helpers\\tax_helper.php', 37)
 2 APPPATH\Controllers\Sales.php(474): insert_invoice_tax(20650, 'GST @ 18%', '1.8', 10.0, '2025-03-20', 'Kerala', 'D:\\xampp\\htdocs\\aitsun-erp')
 3 SYSTEMPATH\CodeIgniter.php(934): App\Controllers\Sales->index()
 4 SYSTEMPATH\CodeIgniter.php(499): CodeIgniter\CodeIgniter->runController(Object(App\Controllers\Sales))
 5 SYSTEMPATH\CodeIgniter.php(368): CodeIgniter\CodeIgniter->handleRequest(null, Object(Config\Cache), false)
 6 FCPATH\index.php(67): CodeIgniter\CodeIgniter->run()
CRITICAL - 2025-03-20 08:39:31 --> Undefined variable $check_tax_exist
in APPPATH\Helpers\tax_helper.php on line 37.
 1 APPPATH\Helpers\tax_helper.php(37): CodeIgniter\Debug\Exceptions->errorHandler(2, 'Undefined variable $check_tax_exist', 'APPPATH\\Helpers\\tax_helper.php', 37)
 2 APPPATH\Controllers\Sales.php(474): insert_invoice_tax(20651, 'GST @ 18%', '1.8', 10.0, '2025-03-20', 'Kerala', 'D:\\xampp\\htdocs\\aitsun-erp')
 3 SYSTEMPATH\CodeIgniter.php(934): App\Controllers\Sales->index()
 4 SYSTEMPATH\CodeIgniter.php(499): CodeIgniter\CodeIgniter->runController(Object(App\Controllers\Sales))
 5 SYSTEMPATH\CodeIgniter.php(368): CodeIgniter\CodeIgniter->handleRequest(null, Object(Config\Cache), false)
 6 FCPATH\index.php(67): CodeIgniter\CodeIgniter->run()
CRITICAL - 2025-03-20 08:40:47 --> Undefined variable $bt
in APPPATH\Views\reports\gst_report_new.php on line 106.
 1 APPPATH\Views\reports\gst_report_new.php(106): CodeIgniter\Debug\Exceptions->errorHandler(2, 'Undefined variable $bt', 'APPPATH\\Views\\reports\\gst_report_new.php', 106)
 2 SYSTEMPATH\View\View.php(213): include('APPPATH\\Views\\reports\\gst_report_new.php')
 3 SYSTEMPATH\View\View.php(216): CodeIgniter\View\View->CodeIgniter\View\{closure}()
 4 SYSTEMPATH\Common.php(1184): CodeIgniter\View\View->render('reports/gst_report_new', [], true)
 5 APPPATH\Controllers\Gst_report.php(174): view('reports/gst_report_new', [...])
 6 SYSTEMPATH\CodeIgniter.php(934): App\Controllers\Gst_report->gst_report_new()
 7 SYSTEMPATH\CodeIgniter.php(499): CodeIgniter\CodeIgniter->runController(Object(App\Controllers\Gst_report))
 8 SYSTEMPATH\CodeIgniter.php(368): CodeIgniter\CodeIgniter->handleRequest(null, Object(Config\Cache), false)
 9 FCPATH\index.php(67): CodeIgniter\CodeIgniter->run()
CRITICAL - 2025-03-20 08:45:10 --> Undefined variable $check_tax_exist
in APPPATH\Helpers\tax_helper.php on line 37.
 1 APPPATH\Helpers\tax_helper.php(37): CodeIgniter\Debug\Exceptions->errorHandler(2, 'Undefined variable $check_tax_exist', 'APPPATH\\Helpers\\tax_helper.php', 37)
 2 APPPATH\Controllers\Sales.php(474): insert_invoice_tax(20652, 'GST @ 18%', '1.8', 10.0, '2025-03-20', 'Kerala', 'D:\\xampp\\htdocs\\aitsun-erp')
 3 SYSTEMPATH\CodeIgniter.php(934): App\Controllers\Sales->index()
 4 SYSTEMPATH\CodeIgniter.php(499): CodeIgniter\CodeIgniter->runController(Object(App\Controllers\Sales))
 5 SYSTEMPATH\CodeIgniter.php(368): CodeIgniter\CodeIgniter->handleRequest(null, Object(Config\Cache), false)
 6 FCPATH\index.php(67): CodeIgniter\CodeIgniter->run()
CRITICAL - 2025-03-20 08:48:09 --> Undefined variable $check_tax_exist
in APPPATH\Helpers\tax_helper.php on line 31.
 1 APPPATH\Helpers\tax_helper.php(31): CodeIgniter\Debug\Exceptions->errorHandler(2, 'Undefined variable $check_tax_exist', 'APPPATH\\Helpers\\tax_helper.php', 31)
 2 APPPATH\Controllers\Sales.php(474): insert_invoice_tax(20653, 'GST @ 18%', '1.8', 10.0, '2025-03-20', 'Kerala', 'D:\\xampp\\htdocs\\aitsun-erp')
 3 SYSTEMPATH\CodeIgniter.php(934): App\Controllers\Sales->index()
 4 SYSTEMPATH\CodeIgniter.php(499): CodeIgniter\CodeIgniter->runController(Object(App\Controllers\Sales))
 5 SYSTEMPATH\CodeIgniter.php(368): CodeIgniter\CodeIgniter->handleRequest(null, Object(Config\Cache), false)
 6 FCPATH\index.php(67): CodeIgniter\CodeIgniter->run()
CRITICAL - 2025-03-20 08:53:19 --> Undefined array key "cash_amount"
in APPPATH\Controllers\Sales.php on line 65.
 1 APPPATH\Controllers\Sales.php(65): CodeIgniter\Debug\Exceptions->errorHandler(2, 'Undefined array key "cash_amount"', 'APPPATH\\Controllers\\Sales.php', 65)
 2 SYSTEMPATH\CodeIgniter.php(934): App\Controllers\Sales->index()
 3 SYSTEMPATH\CodeIgniter.php(499): CodeIgniter\CodeIgniter->runController(Object(App\Controllers\Sales))
 4 SYSTEMPATH\CodeIgniter.php(368): CodeIgniter\CodeIgniter->handleRequest(null, Object(Config\Cache), false)
 5 FCPATH\index.php(67): CodeIgniter\CodeIgniter->run()
CRITICAL - 2025-03-20 08:54:15 --> Undefined array key "cash_amount"
in APPPATH\Controllers\Sales.php on line 65.
 1 APPPATH\Controllers\Sales.php(65): CodeIgniter\Debug\Exceptions->errorHandler(2, 'Undefined array key "cash_amount"', 'APPPATH\\Controllers\\Sales.php', 65)
 2 SYSTEMPATH\CodeIgniter.php(934): App\Controllers\Sales->index()
 3 SYSTEMPATH\CodeIgniter.php(499): CodeIgniter\CodeIgniter->runController(Object(App\Controllers\Sales))
 4 SYSTEMPATH\CodeIgniter.php(368): CodeIgniter\CodeIgniter->handleRequest(null, Object(Config\Cache), false)
 5 FCPATH\index.php(67): CodeIgniter\CodeIgniter->run()
CRITICAL - 2025-03-20 08:54:17 --> Undefined array key "cash_amount"
in APPPATH\Controllers\Sales.php on line 65.
 1 APPPATH\Controllers\Sales.php(65): CodeIgniter\Debug\Exceptions->errorHandler(2, 'Undefined array key "cash_amount"', 'APPPATH\\Controllers\\Sales.php', 65)
 2 SYSTEMPATH\CodeIgniter.php(934): App\Controllers\Sales->index()
 3 SYSTEMPATH\CodeIgniter.php(499): CodeIgniter\CodeIgniter->runController(Object(App\Controllers\Sales))
 4 SYSTEMPATH\CodeIgniter.php(368): CodeIgniter\CodeIgniter->handleRequest(null, Object(Config\Cache), false)
 5 FCPATH\index.php(67): CodeIgniter\CodeIgniter->run()
CRITICAL - 2025-03-20 08:55:02 --> Undefined variable $check_tax_exist
in APPPATH\Helpers\tax_helper.php on line 31.
 1 APPPATH\Helpers\tax_helper.php(31): CodeIgniter\Debug\Exceptions->errorHandler(2, 'Undefined variable $check_tax_exist', 'APPPATH\\Helpers\\tax_helper.php', 31)
 2 APPPATH\Controllers\Sales.php(474): insert_invoice_tax(20654, 'GST @ 18%', '1.8', 10.0, '2025-03-20', 'Kerala', 'D:\\xampp\\htdocs\\aitsun-erp')
 3 SYSTEMPATH\CodeIgniter.php(934): App\Controllers\Sales->index()
 4 SYSTEMPATH\CodeIgniter.php(499): CodeIgniter\CodeIgniter->runController(Object(App\Controllers\Sales))
 5 SYSTEMPATH\CodeIgniter.php(368): CodeIgniter\CodeIgniter->handleRequest(null, Object(Config\Cache), false)
 6 FCPATH\index.php(67): CodeIgniter\CodeIgniter->run()
CRITICAL - 2025-03-20 09:15:05 --> Undefined variable $check_tax_exist
in APPPATH\Helpers\tax_helper.php on line 31.
 1 APPPATH\Helpers\tax_helper.php(31): CodeIgniter\Debug\Exceptions->errorHandler(2, 'Undefined variable $check_tax_exist', 'APPPATH\\Helpers\\tax_helper.php', 31)
 2 APPPATH\Controllers\Sales.php(474): insert_invoice_tax(20656, 'GST @ 18%', '12.508199999999999', 69.49, '2025-03-20', 'Kerala', 'D:\\xampp\\htdocs\\aitsun-erp')
 3 SYSTEMPATH\CodeIgniter.php(934): App\Controllers\Sales->index()
 4 SYSTEMPATH\CodeIgniter.php(499): CodeIgniter\CodeIgniter->runController(Object(App\Controllers\Sales))
 5 SYSTEMPATH\CodeIgniter.php(368): CodeIgniter\CodeIgniter->handleRequest(null, Object(Config\Cache), false)
 6 FCPATH\index.php(67): CodeIgniter\CodeIgniter->run()
CRITICAL - 2025-03-20 09:15:45 --> Undefined variable $check_tax_exist
in APPPATH\Helpers\tax_helper.php on line 31.
 1 APPPATH\Helpers\tax_helper.php(31): CodeIgniter\Debug\Exceptions->errorHandler(2, 'Undefined variable $check_tax_exist', 'APPPATH\\Helpers\\tax_helper.php', 31)
 2 APPPATH\Controllers\Sales.php(474): insert_invoice_tax(20657, 'GST @ 18%', '1.8', 10.0, '2025-03-20', 'Kerala', 'D:\\xampp\\htdocs\\aitsun-erp')
 3 SYSTEMPATH\CodeIgniter.php(934): App\Controllers\Sales->index()
 4 SYSTEMPATH\CodeIgniter.php(499): CodeIgniter\CodeIgniter->runController(Object(App\Controllers\Sales))
 5 SYSTEMPATH\CodeIgniter.php(368): CodeIgniter\CodeIgniter->handleRequest(null, Object(Config\Cache), false)
 6 FCPATH\index.php(67): CodeIgniter\CodeIgniter->run()
CRITICAL - 2025-03-20 09:17:19 --> Undefined variable $check_tax_exist
in APPPATH\Helpers\tax_helper.php on line 31.
 1 APPPATH\Helpers\tax_helper.php(31): CodeIgniter\Debug\Exceptions->errorHandler(2, 'Undefined variable $check_tax_exist', 'APPPATH\\Helpers\\tax_helper.php', 31)
 2 APPPATH\Controllers\Sales.php(474): insert_invoice_tax(20660, 'GST @ 18%', '1.8', 10.0, '2025-03-20', 'Kerala', 'D:\\xampp\\htdocs\\aitsun-erp')
 3 SYSTEMPATH\CodeIgniter.php(934): App\Controllers\Sales->index()
 4 SYSTEMPATH\CodeIgniter.php(499): CodeIgniter\CodeIgniter->runController(Object(App\Controllers\Sales))
 5 SYSTEMPATH\CodeIgniter.php(368): CodeIgniter\CodeIgniter->handleRequest(null, Object(Config\Cache), false)
 6 FCPATH\index.php(67): CodeIgniter\CodeIgniter->run()
CRITICAL - 2025-03-20 09:21:08 --> Undefined variable $check_tax_exist
in APPPATH\Helpers\tax_helper.php on line 31.
 1 APPPATH\Helpers\tax_helper.php(31): CodeIgniter\Debug\Exceptions->errorHandler(2, 'Undefined variable $check_tax_exist', 'APPPATH\\Helpers\\tax_helper.php', 31)
 2 APPPATH\Controllers\Sales.php(474): insert_invoice_tax(20661, 'GST @ 18%', '1.8', 10.0, '2025-03-20', 'Kerala', 'D:\\xampp\\htdocs\\aitsun-erp')
 3 SYSTEMPATH\CodeIgniter.php(934): App\Controllers\Sales->index()
 4 SYSTEMPATH\CodeIgniter.php(499): CodeIgniter\CodeIgniter->runController(Object(App\Controllers\Sales))
 5 SYSTEMPATH\CodeIgniter.php(368): CodeIgniter\CodeIgniter->handleRequest(null, Object(Config\Cache), false)
 6 FCPATH\index.php(67): CodeIgniter\CodeIgniter->run()
CRITICAL - 2025-03-20 09:21:54 --> Undefined variable $vartical_tx_data
in APPPATH\Helpers\tax_helper.php on line 31.
 1 APPPATH\Helpers\tax_helper.php(31): CodeIgniter\Debug\Exceptions->errorHandler(2, 'Undefined variable $vartical_tx_data', 'APPPATH\\Helpers\\tax_helper.php', 31)
 2 APPPATH\Controllers\Sales.php(474): insert_invoice_tax(20662, 'GST @ 18%', '12.203999999999999', 67.8, '2025-03-20', 'Kerala', 'D:\\xampp\\htdocs\\aitsun-erp')
 3 SYSTEMPATH\CodeIgniter.php(934): App\Controllers\Sales->index()
 4 SYSTEMPATH\CodeIgniter.php(499): CodeIgniter\CodeIgniter->runController(Object(App\Controllers\Sales))
 5 SYSTEMPATH\CodeIgniter.php(368): CodeIgniter\CodeIgniter->handleRequest(null, Object(Config\Cache), false)
 6 FCPATH\index.php(67): CodeIgniter\CodeIgniter->run()
CRITICAL - 2025-03-20 09:27:44 --> Undefined array key "tax_amount"
in APPPATH\Helpers\tax_helper.php on line 34.
 1 APPPATH\Helpers\tax_helper.php(34): CodeIgniter\Debug\Exceptions->errorHandler(2, 'Undefined array key "tax_amount"', 'APPPATH\\Helpers\\tax_helper.php', 34)
 2 APPPATH\Controllers\Sales.php(474): insert_invoice_tax(20663, 'GST @ 18%', '12.508199999999999', 69.49, '2025-03-20', 'Kerala', 'D:\\xampp\\htdocs\\aitsun-erp')
 3 SYSTEMPATH\CodeIgniter.php(934): App\Controllers\Sales->index()
 4 SYSTEMPATH\CodeIgniter.php(499): CodeIgniter\CodeIgniter->runController(Object(App\Controllers\Sales))
 5 SYSTEMPATH\CodeIgniter.php(368): CodeIgniter\CodeIgniter->handleRequest(null, Object(Config\Cache), false)
 6 FCPATH\index.php(67): CodeIgniter\CodeIgniter->run()
CRITICAL - 2025-03-20 09:37:35 --> Undefined array key "tax_amount"
in APPPATH\Helpers\tax_helper.php on line 34.
 1 APPPATH\Helpers\tax_helper.php(34): CodeIgniter\Debug\Exceptions->errorHandler(2, 'Undefined array key "tax_amount"', 'APPPATH\\Helpers\\tax_helper.php', 34)
 2 APPPATH\Controllers\Sales.php(1224): insert_invoice_tax('20663', 'GST @ 18%', '25.016399999999997', 138.98, '2025-03-20', 'Kerala', 'D:\\xampp\\htdocs\\aitsun-erp')
 3 SYSTEMPATH\CodeIgniter.php(934): App\Controllers\Sales->update_invoice('20663')
 4 SYSTEMPATH\CodeIgniter.php(499): CodeIgniter\CodeIgniter->runController(Object(App\Controllers\Sales))
 5 SYSTEMPATH\CodeIgniter.php(368): CodeIgniter\CodeIgniter->handleRequest(null, Object(Config\Cache), false)
 6 FCPATH\index.php(67): CodeIgniter\CodeIgniter->run()
CRITICAL - 2025-03-20 09:38:56 --> Undefined array key "tax_amount"
in APPPATH\Helpers\tax_helper.php on line 34.
 1 APPPATH\Helpers\tax_helper.php(34): CodeIgniter\Debug\Exceptions->errorHandler(2, 'Undefined array key "tax_amount"', 'APPPATH\\Helpers\\tax_helper.php', 34)
 2 APPPATH\Controllers\Sales.php(474): insert_invoice_tax(20664, 'GST @ 18%', '1.8', 10.0, '2025-03-20', 'Kerala', 'D:\\xampp\\htdocs\\aitsun-erp')
 3 SYSTEMPATH\CodeIgniter.php(934): App\Controllers\Sales->index()
 4 SYSTEMPATH\CodeIgniter.php(499): CodeIgniter\CodeIgniter->runController(Object(App\Controllers\Sales))
 5 SYSTEMPATH\CodeIgniter.php(368): CodeIgniter\CodeIgniter->handleRequest(null, Object(Config\Cache), false)
 6 FCPATH\index.php(67): CodeIgniter\CodeIgniter->run()
CRITICAL - 2025-03-20 09:40:20 --> Undefined array key "tax_amount"
in APPPATH\Helpers\tax_helper.php on line 34.
 1 APPPATH\Helpers\tax_helper.php(34): CodeIgniter\Debug\Exceptions->errorHandler(2, 'Undefined array key "tax_amount"', 'APPPATH\\Helpers\\tax_helper.php', 34)
 2 APPPATH\Controllers\Sales.php(474): insert_invoice_tax(20666, 'GST @ 18%', '1.8', 10.0, '2025-03-20', 'Kerala', 'D:\\xampp\\htdocs\\aitsun-erp')
 3 SYSTEMPATH\CodeIgniter.php(934): App\Controllers\Sales->index()
 4 SYSTEMPATH\CodeIgniter.php(499): CodeIgniter\CodeIgniter->runController(Object(App\Controllers\Sales))
 5 SYSTEMPATH\CodeIgniter.php(368): CodeIgniter\CodeIgniter->handleRequest(null, Object(Config\Cache), false)
 6 FCPATH\index.php(67): CodeIgniter\CodeIgniter->run()
CRITICAL - 2025-03-20 09:42:11 --> Undefined array key "tax_amount"
in APPPATH\Helpers\tax_helper.php on line 34.
 1 APPPATH\Helpers\tax_helper.php(34): CodeIgniter\Debug\Exceptions->errorHandler(2, 'Undefined array key "tax_amount"', 'APPPATH\\Helpers\\tax_helper.php', 34)
 2 APPPATH\Controllers\Sales.php(474): insert_invoice_tax(20667, 'GST @ 18%', '12.508199999999999', 69.49, '2025-03-20', 'Kerala', 'D:\\xampp\\htdocs\\aitsun-erp')
 3 SYSTEMPATH\CodeIgniter.php(934): App\Controllers\Sales->index()
 4 SYSTEMPATH\CodeIgniter.php(499): CodeIgniter\CodeIgniter->runController(Object(App\Controllers\Sales))
 5 SYSTEMPATH\CodeIgniter.php(368): CodeIgniter\CodeIgniter->handleRequest(null, Object(Config\Cache), false)
 6 FCPATH\index.php(67): CodeIgniter\CodeIgniter->run()
CRITICAL - 2025-03-20 09:53:21 --> Undefined array key "SGST_9_tax_amount"
in APPPATH\Views\reports\gst_report_new.php on line 204.
 1 APPPATH\Views\reports\gst_report_new.php(204): CodeIgniter\Debug\Exceptions->errorHandler(2, 'Undefined array key "SGST_9_tax_amount"', 'APPPATH\\Views\\reports\\gst_report_new.php', 204)
 2 SYSTEMPATH\View\View.php(213): include('APPPATH\\Views\\reports\\gst_report_new.php')
 3 SYSTEMPATH\View\View.php(216): CodeIgniter\View\View->CodeIgniter\View\{closure}()
 4 SYSTEMPATH\Common.php(1184): CodeIgniter\View\View->render('reports/gst_report_new', [], true)
 5 APPPATH\Controllers\Gst_report.php(174): view('reports/gst_report_new', [...])
 6 SYSTEMPATH\CodeIgniter.php(934): App\Controllers\Gst_report->gst_report_new()
 7 SYSTEMPATH\CodeIgniter.php(499): CodeIgniter\CodeIgniter->runController(Object(App\Controllers\Gst_report))
 8 SYSTEMPATH\CodeIgniter.php(368): CodeIgniter\CodeIgniter->handleRequest(null, Object(Config\Cache), false)
 9 FCPATH\index.php(67): CodeIgniter\CodeIgniter->run()
CRITICAL - 2025-03-20 09:56:21 --> Undefined variable $PaymentsModel
in APPPATH\Controllers\Gst_report.php on line 137.
 1 APPPATH\Controllers\Gst_report.php(137): CodeIgniter\Debug\Exceptions->errorHandler(2, 'Undefined variable $PaymentsModel', 'APPPATH\\Controllers\\Gst_report.php', 137)
 2 SYSTEMPATH\CodeIgniter.php(934): App\Controllers\Gst_report->gst_report_new()
 3 SYSTEMPATH\CodeIgniter.php(499): CodeIgniter\CodeIgniter->runController(Object(App\Controllers\Gst_report))
 4 SYSTEMPATH\CodeIgniter.php(368): CodeIgniter\CodeIgniter->handleRequest(null, Object(Config\Cache), false)
 5 FCPATH\index.php(67): CodeIgniter\CodeIgniter->run()
CRITICAL - 2025-03-20 10:26:40 --> Undefined variable $myid
in APPPATH\Controllers\Testing.php on line 63.
 1 APPPATH\Controllers\Testing.php(63): CodeIgniter\Debug\Exceptions->errorHandler(2, 'Undefined variable $myid', 'APPPATH\\Controllers\\Testing.php', 63)
 2 SYSTEMPATH\CodeIgniter.php(934): App\Controllers\Testing->vertical_tax()
 3 SYSTEMPATH\CodeIgniter.php(499): CodeIgniter\CodeIgniter->runController(Object(App\Controllers\Testing))
 4 SYSTEMPATH\CodeIgniter.php(368): CodeIgniter\CodeIgniter->handleRequest(null, Object(Config\Cache), false)
 5 FCPATH\index.php(67): CodeIgniter\CodeIgniter->run()
CRITICAL - 2025-03-20 10:30:31 --> Undefined variable $myid
in APPPATH\Controllers\Testing.php on line 64.
 1 APPPATH\Controllers\Testing.php(64): CodeIgniter\Debug\Exceptions->errorHandler(2, 'Undefined variable $myid', 'APPPATH\\Controllers\\Testing.php', 64)
 2 SYSTEMPATH\CodeIgniter.php(934): App\Controllers\Testing->vertical_tax()
 3 SYSTEMPATH\CodeIgniter.php(499): CodeIgniter\CodeIgniter->runController(Object(App\Controllers\Testing))
 4 SYSTEMPATH\CodeIgniter.php(368): CodeIgniter\CodeIgniter->handleRequest(null, Object(Config\Cache), false)
 5 FCPATH\index.php(67): CodeIgniter\CodeIgniter->run()
CRITICAL - 2025-03-20 10:31:01 --> round(): Argument #2 ($precision) must be of type int, string given
in APPPATH\Helpers\apanel_helper.php on line 637.
 1 APPPATH\Helpers\apanel_helper.php(637): round(0, 'D:\\xampp\\htdocs\\aitsun-erp')
 2 APPPATH\Controllers\Testing.php(64): aitsun_round('22.88', 'D:\\xampp\\htdocs\\aitsun-erp')
 3 SYSTEMPATH\CodeIgniter.php(934): App\Controllers\Testing->vertical_tax()
 4 SYSTEMPATH\CodeIgniter.php(499): CodeIgniter\CodeIgniter->runController(Object(App\Controllers\Testing))
 5 SYSTEMPATH\CodeIgniter.php(368): CodeIgniter\CodeIgniter->handleRequest(null, Object(Config\Cache), false)
 6 FCPATH\index.php(67): CodeIgniter\CodeIgniter->run()
CRITICAL - 2025-03-20 10:33:56 --> round(): Argument #2 ($precision) must be of type int, string given
in APPPATH\Helpers\apanel_helper.php on line 637.
 1 APPPATH\Helpers\apanel_helper.php(637): round(0, 'D:\\xampp\\htdocs\\aitsun-erp')
 2 APPPATH\Controllers\Testing.php(65): aitsun_round('22.88', 'D:\\xampp\\htdocs\\aitsun-erp')
 3 SYSTEMPATH\CodeIgniter.php(934): App\Controllers\Testing->vertical_tax()
 4 SYSTEMPATH\CodeIgniter.php(499): CodeIgniter\CodeIgniter->runController(Object(App\Controllers\Testing))
 5 SYSTEMPATH\CodeIgniter.php(368): CodeIgniter\CodeIgniter->handleRequest(null, Object(Config\Cache), false)
 6 FCPATH\index.php(67): CodeIgniter\CodeIgniter->run()
CRITICAL - 2025-03-20 10:34:40 --> round(): Argument #2 ($precision) must be of type int, string given
in APPPATH\Helpers\apanel_helper.php on line 637.
 1 APPPATH\Helpers\apanel_helper.php(637): round(0, 'D:\\xampp\\htdocs\\aitsun-erp')
 2 APPPATH\Controllers\Testing.php(65): aitsun_round('22.88', 'D:\\xampp\\htdocs\\aitsun-erp')
 3 SYSTEMPATH\CodeIgniter.php(934): App\Controllers\Testing->vertical_tax()
 4 SYSTEMPATH\CodeIgniter.php(499): CodeIgniter\CodeIgniter->runController(Object(App\Controllers\Testing))
 5 SYSTEMPATH\CodeIgniter.php(368): CodeIgniter\CodeIgniter->handleRequest(null, Object(Config\Cache), false)
 6 FCPATH\index.php(67): CodeIgniter\CodeIgniter->run()
CRITICAL - 2025-03-20 10:38:46 --> Undefined array key "GST_0_tax_amount"
in APPPATH\Controllers\Testing.php on line 56.
 1 APPPATH\Controllers\Testing.php(56): CodeIgniter\Debug\Exceptions->errorHandler(2, 'Undefined array key "GST_0_tax_amount"', 'APPPATH\\Controllers\\Testing.php', 56)
 2 SYSTEMPATH\CodeIgniter.php(934): App\Controllers\Testing->vertical_tax()
 3 SYSTEMPATH\CodeIgniter.php(499): CodeIgniter\CodeIgniter->runController(Object(App\Controllers\Testing))
 4 SYSTEMPATH\CodeIgniter.php(368): CodeIgniter\CodeIgniter->handleRequest(null, Object(Config\Cache), false)
 5 FCPATH\index.php(67): CodeIgniter\CodeIgniter->run()
CRITICAL - 2025-03-20 10:44:58 --> There is no data to update.
in SYSTEMPATH\BaseModel.php on line 924.
 1 SYSTEMPATH\BaseModel.php(924): CodeIgniter\Database\Exceptions\DataException::forEmptyDataset('update')
 2 SYSTEMPATH\Model.php(756): CodeIgniter\BaseModel->update([...], [])
 3 APPPATH\Controllers\Testing.php(61): CodeIgniter\Model->update('10', [...])
 4 SYSTEMPATH\CodeIgniter.php(934): App\Controllers\Testing->vertical_tax()
 5 SYSTEMPATH\CodeIgniter.php(499): CodeIgniter\CodeIgniter->runController(Object(App\Controllers\Testing))
 6 SYSTEMPATH\CodeIgniter.php(368): CodeIgniter\CodeIgniter->handleRequest(null, Object(Config\Cache), false)
 7 FCPATH\index.php(67): CodeIgniter\CodeIgniter->run()
CRITICAL - 2025-03-20 10:45:45 --> Undefined array key "GST_0_tax_amount"
in APPPATH\Controllers\Testing.php on line 56.
 1 APPPATH\Controllers\Testing.php(56): CodeIgniter\Debug\Exceptions->errorHandler(2, 'Undefined array key "GST_0_tax_amount"', 'APPPATH\\Controllers\\Testing.php', 56)
 2 SYSTEMPATH\CodeIgniter.php(934): App\Controllers\Testing->vertical_tax()
 3 SYSTEMPATH\CodeIgniter.php(499): CodeIgniter\CodeIgniter->runController(Object(App\Controllers\Testing))
 4 SYSTEMPATH\CodeIgniter.php(368): CodeIgniter\CodeIgniter->handleRequest(null, Object(Config\Cache), false)
 5 FCPATH\index.php(67): CodeIgniter\CodeIgniter->run()
CRITICAL - 2025-03-20 10:46:12 --> There is no data to update.
in SYSTEMPATH\BaseModel.php on line 924.
 1 SYSTEMPATH\BaseModel.php(924): CodeIgniter\Database\Exceptions\DataException::forEmptyDataset('update')
 2 SYSTEMPATH\Model.php(756): CodeIgniter\BaseModel->update([...], [])
 3 APPPATH\Controllers\Testing.php(61): CodeIgniter\Model->update('10', [...])
 4 SYSTEMPATH\CodeIgniter.php(934): App\Controllers\Testing->vertical_tax()
 5 SYSTEMPATH\CodeIgniter.php(499): CodeIgniter\CodeIgniter->runController(Object(App\Controllers\Testing))
 6 SYSTEMPATH\CodeIgniter.php(368): CodeIgniter\CodeIgniter->handleRequest(null, Object(Config\Cache), false)
 7 FCPATH\index.php(67): CodeIgniter\CodeIgniter->run()
CRITICAL - 2025-03-20 10:46:52 --> There is no data to update.
in SYSTEMPATH\BaseModel.php on line 924.
 1 SYSTEMPATH\BaseModel.php(924): CodeIgniter\Database\Exceptions\DataException::forEmptyDataset('update')
 2 SYSTEMPATH\Model.php(756): CodeIgniter\BaseModel->update([...], [])
 3 APPPATH\Controllers\Testing.php(61): CodeIgniter\Model->update('10', [...])
 4 SYSTEMPATH\CodeIgniter.php(934): App\Controllers\Testing->vertical_tax()
 5 SYSTEMPATH\CodeIgniter.php(499): CodeIgniter\CodeIgniter->runController(Object(App\Controllers\Testing))
 6 SYSTEMPATH\CodeIgniter.php(368): CodeIgniter\CodeIgniter->handleRequest(null, Object(Config\Cache), false)
 7 FCPATH\index.php(67): CodeIgniter\CodeIgniter->run()
CRITICAL - 2025-03-20 10:49:29 --> There is no data to update.
in SYSTEMPATH\BaseModel.php on line 924.
 1 SYSTEMPATH\BaseModel.php(924): CodeIgniter\Database\Exceptions\DataException::forEmptyDataset('update')
 2 SYSTEMPATH\Model.php(756): CodeIgniter\BaseModel->update([...], [])
 3 APPPATH\Controllers\Testing.php(61): CodeIgniter\Model->update('2317', [...])
 4 SYSTEMPATH\CodeIgniter.php(934): App\Controllers\Testing->vertical_tax()
 5 SYSTEMPATH\CodeIgniter.php(499): CodeIgniter\CodeIgniter->runController(Object(App\Controllers\Testing))
 6 SYSTEMPATH\CodeIgniter.php(368): CodeIgniter\CodeIgniter->handleRequest(null, Object(Config\Cache), false)
 7 FCPATH\index.php(67): CodeIgniter\CodeIgniter->run()
CRITICAL - 2025-03-20 10:50:35 --> There is no data to update.
in SYSTEMPATH\BaseModel.php on line 924.
 1 SYSTEMPATH\BaseModel.php(924): CodeIgniter\Database\Exceptions\DataException::forEmptyDataset('update')
 2 SYSTEMPATH\Model.php(756): CodeIgniter\BaseModel->update([...], [])
 3 APPPATH\Controllers\Testing.php(61): CodeIgniter\Model->update('3', [...])
 4 SYSTEMPATH\CodeIgniter.php(934): App\Controllers\Testing->vertical_tax()
 5 SYSTEMPATH\CodeIgniter.php(499): CodeIgniter\CodeIgniter->runController(Object(App\Controllers\Testing))
 6 SYSTEMPATH\CodeIgniter.php(368): CodeIgniter\CodeIgniter->handleRequest(null, Object(Config\Cache), false)
 7 FCPATH\index.php(67): CodeIgniter\CodeIgniter->run()
CRITICAL - 2025-03-20 10:55:57 --> There is no data to update.
in SYSTEMPATH\BaseModel.php on line 924.
 1 SYSTEMPATH\BaseModel.php(924): CodeIgniter\Database\Exceptions\DataException::forEmptyDataset('update')
 2 SYSTEMPATH\Model.php(756): CodeIgniter\BaseModel->update([...], [])
 3 APPPATH\Controllers\Testing.php(62): CodeIgniter\Model->update('3', [...])
 4 SYSTEMPATH\CodeIgniter.php(934): App\Controllers\Testing->vertical_tax()
 5 SYSTEMPATH\CodeIgniter.php(499): CodeIgniter\CodeIgniter->runController(Object(App\Controllers\Testing))
 6 SYSTEMPATH\CodeIgniter.php(368): CodeIgniter\CodeIgniter->handleRequest(null, Object(Config\Cache), false)
 7 FCPATH\index.php(67): CodeIgniter\CodeIgniter->run()
CRITICAL - 2025-03-20 11:03:33 --> There is no data to update.
in SYSTEMPATH\BaseModel.php on line 924.
 1 SYSTEMPATH\BaseModel.php(924): CodeIgniter\Database\Exceptions\DataException::forEmptyDataset('update')
 2 SYSTEMPATH\Model.php(756): CodeIgniter\BaseModel->update([...], [])
 3 APPPATH\Controllers\Testing.php(67): CodeIgniter\Model->update('3', [...])
 4 SYSTEMPATH\CodeIgniter.php(934): App\Controllers\Testing->vertical_tax()
 5 SYSTEMPATH\CodeIgniter.php(499): CodeIgniter\CodeIgniter->runController(Object(App\Controllers\Testing))
 6 SYSTEMPATH\CodeIgniter.php(368): CodeIgniter\CodeIgniter->handleRequest(null, Object(Config\Cache), false)
 7 FCPATH\index.php(67): CodeIgniter\CodeIgniter->run()
CRITICAL - 2025-03-20 11:04:41 --> There is no data to update.
in SYSTEMPATH\BaseModel.php on line 924.
 1 SYSTEMPATH\BaseModel.php(924): CodeIgniter\Database\Exceptions\DataException::forEmptyDataset('update')
 2 SYSTEMPATH\Model.php(756): CodeIgniter\BaseModel->update([...], [])
 3 APPPATH\Controllers\Testing.php(67): CodeIgniter\Model->update('3', [...])
 4 SYSTEMPATH\CodeIgniter.php(934): App\Controllers\Testing->vertical_tax()
 5 SYSTEMPATH\CodeIgniter.php(499): CodeIgniter\CodeIgniter->runController(Object(App\Controllers\Testing))
 6 SYSTEMPATH\CodeIgniter.php(368): CodeIgniter\CodeIgniter->handleRequest(null, Object(Config\Cache), false)
 7 FCPATH\index.php(67): CodeIgniter\CodeIgniter->run()
CRITICAL - 2025-03-20 11:48:35 --> Class "App\Controllers\InvoiceTaxesVertical" not found
in APPPATH\Controllers\Sales.php on line 588.
 1 SYSTEMPATH\CodeIgniter.php(934): App\Controllers\Sales->update_invoice('20670')
 2 SYSTEMPATH\CodeIgniter.php(499): CodeIgniter\CodeIgniter->runController(Object(App\Controllers\Sales))
 3 SYSTEMPATH\CodeIgniter.php(368): CodeIgniter\CodeIgniter->handleRequest(null, Object(Config\Cache), false)
 4 FCPATH\index.php(67): CodeIgniter\CodeIgniter->run()
